// Jest Snapshot v1, https://goo.gl/fbAQLP

exports[`Test for Characters page Render the Characters 1`] = `
<div
  className="container"
/>
`;

exports[`Test for Characters page Should render the Characters 1`] = `
<div
  className="container"
/>
`;
