// Jest Snapshot v1, https://goo.gl/fbAQLP

exports[`Test for Details page Render the Details 1`] = `
<div
  className="details-container"
/>
`;
